// Jest Snapshot v1, https://goo.gl/fbAQLP

exports[`works 1`] = `
{
  "comments": [],
  "errors": [],
  "program": {
    "body": [
      {
        "declaration": {
          "declarations": [
            {
              "id": {
                "name": "messages",
                "type": "Identifier",
              },
              "init": {
                "properties": [
                  {
                    "async": false,
                    "body": {
                      "body": [
                        {
                          "argument": {
                            "properties": [
                              {
                                "computed": false,
                                "key": {
                                  "name": "typeUrl",
                                  "type": "Identifier",
                                },
                                "method": false,
                                "shorthand": false,
                                "type": "ObjectProperty",
                                "value": {
                                  "extra": {
                                    "raw": "'/osmosis.gamm.v1beta1.MsgJoinPool'",
                                    "rawValue": "/osmosis.gamm.v1beta1.MsgJoinPool",
                                  },
                                  "type": "StringLiteral",
                                  "value": "/osmosis.gamm.v1beta1.MsgJoinPool",
                                },
                              },
                              {
                                "computed": false,
                                "key": {
                                  "name": "value",
                                  "type": "Identifier",
                                },
                                "method": false,
                                "shorthand": false,
                                "type": "ObjectProperty",
                                "value": {
                                  "arguments": [],
                                  "callee": {
                                    "computed": false,
                                    "object": {
                                      "arguments": [
                                        {
                                          "name": "value",
                                          "type": "Identifier",
                                        },
                                      ],
                                      "callee": {
                                        "computed": false,
                                        "object": {
                                          "name": "MsgJoinPool",
                                          "type": "Identifier",
                                        },
                                        "property": {
                                          "name": "encode",
                                          "type": "Identifier",
                                        },
                                        "type": "MemberExpression",
                                      },
                                      "type": "CallExpression",
                                    },
                                    "property": {
                                      "name": "finish",
                                      "type": "Identifier",
                                    },
                                    "type": "MemberExpression",
                                  },
                                  "type": "CallExpression",
                                },
                              },
                            ],
                            "type": "ObjectExpression",
                          },
                          "type": "ReturnStatement",
                        },
                      ],
                      "directives": [],
                      "type": "BlockStatement",
                    },
                    "computed": false,
                    "generator": false,
                    "id": null,
                    "key": {
                      "name": "joinPool",
                      "type": "Identifier",
                    },
                    "kind": "method",
                    "method": true,
                    "params": [
                      {
                        "name": "value",
                        "type": "Identifier",
                        "typeAnnotation": {
                          "type": "TSTypeAnnotation",
                          "typeAnnotation": {
                            "type": "TSTypeReference",
                            "typeName": {
                              "name": "MsgJoinPool",
                              "type": "Identifier",
                            },
                          },
                        },
                      },
                    ],
                    "type": "ObjectMethod",
                  },
                ],
                "type": "ObjectExpression",
              },
              "type": "VariableDeclarator",
            },
          ],
          "kind": "const",
          "type": "VariableDeclaration",
        },
        "exportKind": "value",
        "source": null,
        "specifiers": [],
        "type": "ExportNamedDeclaration",
      },
    ],
    "directives": [],
    "interpreter": null,
    "sourceType": "module",
    "type": "Program",
  },
  "type": "File",
}
`;
